UNKNOWN_NAME
|__ BLOCK
|   |__ VAR_DECL
|   |   |__ a
|   |   |__ integer
|   |__ COMPOUND
|   |   |__ :=
|   |   |   |__ a
|   |   |   |__ 1
